[www.bancopatagonia.com.ar/personas/index.html]
[backblue.gif]
[fade.gif]
[index.html]
[www.bancopatagonia.com.ar/canales-de-atencion/index.html]
[www.bancopatagonia.com.ar/ayuda/index.html]
[www.bancopatagonia.com.ar/nyps/index.html]
[www.bancopatagonia.com.ar/pyme/index.html]
[www.bancopatagonia.com.ar/agro/index.html]
[www.googletagmanager.com/ns5408.html]
[www.bancopatagonia.com.ar/empresas/index.html]
[www.bancopatagonia.com.ar/sector-publico/index.html]
[www.bancopatagonia.com.ar/institucional/index.html]
[www.bancopatagonia.com.ar/personas/patagonia-clasica/paquete/productos.html]
[www.bancopatagonia.com.ar/personas/patagonia-clasica/mas/productos.html]
[www.bancopatagonia.com.ar/personas/patagonia-clasica/premium/productos.html]
[www.bancopatagonia.com.ar/personas/patagonia-clasica/patagonia-sueldo/productos.html]
[www.bancopatagonia.com.ar/personas/patagonia-plus/productos.html]
[www.bancopatagonia.com.ar/personas/patagonia-plus/premium/productos.html]
[www.bancopatagonia.com.ar/personas/patagonia-singular/paquete/propuesta.html]
[www.bancopatagonia.com.ar/personas/patagonia-singular/beneficios-exclusivos.html]
[www.bancopatagonia.com.ar/patagoniaon/index.html]
[www.bancopatagonia.com.ar/personas/productos-y-servicios/patagonia-universitaria.html]
[www.bancopatagonia.com.ar/personas/apple-pay.html]
[www.bancopatagonia.com.ar/personas/productos-y-servicios/caja-de-seguridad.html]
[www.bancopatagonia.com.ar/personas/productos-y-servicios/comercio-exterior/productos.html]
[www.bancopatagonia.com.ar/personas/productos-y-servicios/beneficios-wapa.html]
[www.bancopatagonia.com.ar/personas/google-pay.html]
[www.bancopatagonia.com.ar/personas/productos-y-servicios/inversiones.html]
[www.bancopatagonia.com.ar/personas/productos-y-servicios/jubilados.html]
[www.bancopatagonia.com.ar/personas/productos-y-servicios/patagonia-para-menores.html]
[www.bancopatagonia.com.ar/personas/productos-y-servicios/prestamos.html]
[www.bancopatagonia.com.ar/personas/productos-y-servicios/seguros.html]
[www.bancopatagonia.com.ar/personas/productos-y-servicios/tarjetas-de-credito/visa.html]
[www.bancopatagonia.com.ar/personas/productos-y-servicios/tarjetas-de-debito/patagonia-24.html]
[www.bancopatagonia.com.ar/nyps/patagonia-clasica/premium/productos.html]
[www.bancopatagonia.com.ar/nyps/patagonia-clasica/patagonia-emprendimiento/productos.html]
[www.bancopatagonia.com.ar/nyps/patagonia-plus/productos.html]
[www.bancopatagonia.com.ar/nyps/patagonia-plus/premium/productos.html]
[www.bancopatagonia.com.ar/nyps/patagonia-singular/paquete/propuesta.html]
[www.bancopatagonia.com.ar/nyps/patagonia-singular/beneficios-exclusivos.html]
[www.bancopatagonia.com.ar/nyps/productos-y-servicios/tarjetas-de-debito/patagonia-24.html]
[www.bancopatagonia.com.ar/nyps/productos-y-servicios/tarjetas-de-credito/visa.html]
[www.bancopatagonia.com.ar/nyps/productos-y-servicios/prestamos.html]
[www.bancopatagonia.com.ar/nyps/productos-y-servicios/seguros.html]
[www.bancopatagonia.com.ar/nyps/productos-y-servicios/inversiones.html]
[www.bancopatagonia.com.ar/nyps/productos-y-servicios/comercio-exterior/productos.html]
[www.bancopatagonia.com.ar/nyps/productos-y-servicios/caja-de-seguridad.html]
[www.bancopatagonia.com.ar/nyps/productos-y-servicios/factura-electronica.html]
[www.bancopatagonia.com.ar/nyps/productos-y-servicios/pagos-afip.html]
[www.bancopatagonia.com.ar/nyps/productos-y-servicios/soluciones-para-tu-empresa.html]
[www.bancopatagonia.com.ar/nyps/productos-y-servicios/comercios-patagonia.html]
[www.bancopatagonia.com.ar/nyps/productos-y-servicios/wapa.html]
[www.bancopatagonia.com.ar/pyme/cuentas/pequenas-empresas.html]
[www.bancopatagonia.com.ar/pyme/cuentas/medianas-empresas.html]
[www.bancopatagonia.com.ar/pyme/cuentas/patagonia-comercio.html]
[www.bancopatagonia.com.ar/pyme/cuentas/patagonia-consorcio.html]
[www.bancopatagonia.com.ar/pyme/cuentas/cuenta-corriente.html]
[www.bancopatagonia.com.ar/pyme/patagonia-sueldo/servicios.html]
[www.bancopatagonia.com.ar/pyme/patagonia-sueldo/preguntas-frecuentes.html]
[www.bancopatagonia.com.ar/pyme/patagonia-sueldo/guia-implementacion.html]
[www.bancopatagonia.com.ar/pyme/comercio-exterior/solicitud-electronica.html]
[www.bancopatagonia.com.ar/pyme/comercio-exterior/productos.html]
[www.bancopatagonia.com.ar/pyme/comercio-exterior/otros-servicios.html]
[www.bancopatagonia.com.ar/pyme/comercio-exterior/herramientas-para-exportar.html]
[www.bancopatagonia.com.ar/pyme/comercio-exterior/marco-regulatorio/normas-y-regulaciones.html]
[www.bancopatagonia.com.ar/pyme/financiacion/patagonia-leasing.html]
[www.bancopatagonia.com.ar/pyme/financiacion/mercado-capitales.html]
[www.bancopatagonia.com.ar/pyme/financiacion/alternativas-de-financiacion.html]
[www.bancopatagonia.com.ar/pyme/seguros/protege-tus-bienes/integral-comercio.html]
[www.bancopatagonia.com.ar/pyme/inversiones/plazo-fijo.html]
[www.bancopatagonia.com.ar/pyme/inversiones/fondos-comunes-de-inversion.html]
[www.bancopatagonia.com.ar/pyme/inversiones/fidecomisos-financieros.html]
[www.bancopatagonia.com.ar/pyme/servicios/recaudaciones.html]
[www.bancopatagonia.com.ar/pyme/servicios/pagos.html]
[www.bancopatagonia.com.ar/pyme/servicios/tarjetas-comerciales.html]
[www.bancopatagonia.com.ar/pyme/servicios/comercios-patagonia.html]
[www.bancopatagonia.com.ar/pyme/servicios/pago-de-servicios.html]
[www.bancopatagonia.com.ar/pyme/servicios/interbanking.html]
[www.bancopatagonia.com.ar/pyme/servicios/interfacturas.html]
[www.bancopatagonia.com.ar/pyme/servicios/pagos-afip.html]
[www.bancopatagonia.com.ar/pyme/servicios/wapa.html]
[www.bancopatagonia.com.ar/agro/convenios/acuerdos-y-beneficios.html]
[www.bancopatagonia.com.ar/agro/financiacion/maquinaria-agricola.html]
[www.bancopatagonia.com.ar/agro/seguros/campo.html]
[www.bancopatagonia.com.ar/agro/tarjeta-patagonia-agro/para-usuarios.html]
[www.bancopatagonia.com.ar/agro/tarjeta-patagonia-agro/para-comercios.html]
[www.bancopatagonia.com.ar/agro/tarjeta-patagonia-agro/acuerdo-tasa-0.html]
[www.bancopatagonia.com.ar/agro/cuenta-agro/cuenta-agro.html]
[www.bancopatagonia.com.ar/agro/insumos/index.html]
[www.bancopatagonia.com.ar/empresas/financiacion/convenios-de-financiacion.html]
[www.bancopatagonia.com.ar/agro/inversiones/fondos-comunes-de-inversion.html]
[www.bancopatagonia.com.ar/agro/inversiones/fidecomisos-financieros.html]
[www.bancopatagonia.com.ar/agro/inversiones/plazos-fijos.html]
[www.bancopatagonia.com.ar/agro/comercio-exterior/solicitud-electronica.html]
[www.bancopatagonia.com.ar/agro/comercio-exterior/productos.html]
[www.bancopatagonia.com.ar/agro/comercio-exterior/otros-servicios.html]
[www.bancopatagonia.com.ar/agro/comercio-exterior/herramientas-para-exportar.html]
[www.bancopatagonia.com.ar/agro/comercio-exterior/marco-regulatorio/normas-y-regulaciones.html]
[www.bancopatagonia.com.ar/empresas/patagonia-sueldo/servicios.html]
[www.bancopatagonia.com.ar/empresas/patagonia-sueldo/preguntas-frecuentes.html]
[www.bancopatagonia.com.ar/empresas/patagonia-sueldo/guia-implementacion.html]
[www.bancopatagonia.com.ar/empresas/comercio-exterior/solicitud-electronica.html]
[www.bancopatagonia.com.ar/empresas/comercio-exterior/productos.html]
[www.bancopatagonia.com.ar/empresas/comercio-exterior/otros-servicios.html]
[www.bancopatagonia.com.ar/empresas/comercio-exterior/herramientas-para-exportar.html]
[www.bancopatagonia.com.ar/empresas/comercio-exterior/marco-regulatorio/normas-y-regulaciones.html]
[www.bancopatagonia.com.ar/empresas/financiacion/patagonia-leasing.html]
[www.bancopatagonia.com.ar/empresas/financiacion/mercado-capitales.html]
[www.bancopatagonia.com.ar/empresas/financiacion/alternativas-de-financiacion.html]
[www.bancopatagonia.com.ar/empresas/inversiones/fondos-comunes-de-inversion.html]
[www.bancopatagonia.com.ar/empresas/inversiones/compra-venta-titulos-acciones.html]
[www.bancopatagonia.com.ar/empresas/inversiones/custodia-de-titulos.html]
[www.bancopatagonia.com.ar/empresas/inversiones/fidecomisos-financieros.html]
[www.bancopatagonia.com.ar/empresas/inversiones/plazos-fijos.html]
[www.bancopatagonia.com.ar/empresas/patagonia-movil-empresas.html]
[www.bancopatagonia.com.ar/empresas/servicios/pagos.html]
[www.bancopatagonia.com.ar/empresas/servicios/recaudaciones.html]
[www.bancopatagonia.com.ar/empresas/servicios/pago-de-servicios.html]
[www.bancopatagonia.com.ar/empresas/servicios/interbanking.html]
[www.bancopatagonia.com.ar/empresas/servicios/interfacturas.html]
[www.bancopatagonia.com.ar/empresas/servicios/tarjetas-comerciales.html]
[www.bancopatagonia.com.ar/empresas/servicios/centro-atencion-empresas.html]
[www.bancopatagonia.com.ar/sector-publico/inversiones/fondos-comunes-de-inversion.html]
[www.bancopatagonia.com.ar/sector-publico/inversiones/plazo-fijo.html]
[www.bancopatagonia.com.ar/sector-publico/servicios/servicio-de-recaudacion.html]
[www.bancopatagonia.com.ar/sector-publico/servicios/servicio-de-pagos.html]
[www.bancopatagonia.com.ar/sector-publico/servicios/servicios-para-personal.html]
[www.bancopatagonia.com.ar/sector-publico/servicios/financiacion.html]
[www.bancopatagonia.com.ar/sector-publico/servicios/otros-servicios.html]
[www.bancopatagonia.com.ar/sector-publico/programa-universidades/relacion-institucional.html]
[www.bancopatagonia.com.ar/sector-publico/programa-universidades/docentes-yno-docentes.html]
[www.bancopatagonia.com.ar/sector-publico/programa-universidades/alumnos.html]
[www.bancopatagonia.com.ar/sector-publico/programa-universidades/graduados.html]
[www.bancopatagonia.com.ar/institucional/banco-patagonia/historia.html]
[www.bancopatagonia.com.ar/institucional/banco-patagonia/mercado-de-capitales.html]
[www.bancopatagonia.com.ar/institucional/banco-patagonia/patagonia-inversora.html]
[www.bancopatagonia.com.ar/institucional/banco-patagonia/patagonia-valores-sa.html]
[bp.bancopatagonia.com.ar/relacion-con-inversores/es/institucional.html]
[www.bancopatagonia.com.ar/institucional/banco-patagonia/desarrollo-humano.html]
[www.bancopatagonia.com.ar/institucional/banco-patagonia/sustentabilidad.html]
[www.bancopatagonia.com.ar/institucional/banco-patagonia/politicas-aml-cft.html]
[www.bancopatagonia.com.ar/institucional/banco-patagonia/disciplina-del-mercado.html]
[www.bancopatagonia.com.ar/institucional/banco-patagonia/asistencia-a-vinculados.html]
[www.bancopatagonia.com.ar/institucional/banco-patagonia/etica-e-integridad.html]
[www.bancopatagonia.com.ar/institucional/organizacion/accionistas.html]
[www.bancopatagonia.com.ar/institucional/organizacion/autoridades.html]
[www.bancopatagonia.com.ar/institucional/organizacion/comites.html]
[www.bancopatagonia.com.ar/institucional/organizacion/sector-financiero.html]
[www.bancopatagonia.com.ar/personas/prestamos/prestamos-hipotecarios-uva.html]
[www.bancopatagonia.com.ar/landings/raspa-y-gana-tyc.html]
[www.bancopatagonia.com.ar/personas/referidos.html]
[www.bancopatagonia.com.ar/personas/modo.html]
[www.bancopatagonia.com.ar/personas/nueva-operatoria-sucursales.html]
[www.bancopatagonia.com.ar/ayuda/cuenta-al-toque.html]
[www.bancopatagonia.com.ar/personas/tarjetas/beneficios-clasica-y-plus.html]
[www.bancopatagonia.com.ar/ebank/personas/seguridad/index.html]
[www.bancopatagonia.com.ar/personas/jubilaciones-italianas.html]
[ahorrosybeneficios.bancopatagonia.com.ar/index.html]
[www.bancopatagonia.com.ar/personas/precios-productos-individuales.html]
[www.bancopatagonia.com.ar/personas/cuentas/construccion-argentina.html]
[www.bancopatagonia.com.ar/personas/cuentas/caja-ahorros-repatriacion-fondos.html]
[www.bancopatagonia.com.ar/personas/cuentas/cuenta-gratuita-universal.html]
[www.bancopatagonia.com.ar/personas/agentes-de-cobranza-extrajudicial.html]
[www.bancopatagonia.com.ar/personas/informacion-al-usuario-financiero.html]
[www.bancopatagonia.com.ar/personas/alta-productos-personas-humanas.html]
[www.bancopatagonia.com.ar/personas/boton-de-arrepentimiento.html]
[bancopatagonia.hiringroom.com/jobs.html]
[play.google.com/store/apps/detailsd77a.html]
[www.bancopatagonia.com.ar/registro-nacional-base-datos.html]
[apps.apple.com/ar/app/patagonia-móvil/id1178757002.html]
[www.bancopatagonia.com.ar/codigo-practicas-bancarias.html]
[www.bancopatagonia.com.ar/defensa-ley-consumidor.html]
[autogestion.produccion.gob.ar/consumidores.html]
[www.bancopatagonia.com.ar/persona-expuesta-politicamente.html]
[www.bancopatagonia.com.ar/agencia-acceso-informacion-publica.html]
[www.bancopatagonia.com.ar/cnv-advertencia-publico-inversor.html]
[www.bancopatagonia.com.ar/codigo-proteccion-inversor.html]
[www.bancopatagonia.com.ar/clausulas-legales.html]
[www.bancopatagonia.com.ar/resolucion-022021.html]
[www.facebook.com/BancoPatagonia/index.html]
[twitter.com/banco_patagonia.b5.delayed]
[x.com/banco_patagonia.html]
[sucursalesycajeros.bancopatagonia.com.ar/sucursales.html]
[www.youtube.com/user/bancopatagonia.html]
[www.instagram.com/banco_patagonia/index.html]
[www.bancopatagonia.com.ar/empresas/patagonia-ebank-empresas-mbl.html]
[www.allaccess.com.ar/event/taylor-swift-the-eras-tour.html]
[www.bancopatagonia.com.ar/personas/index.html]
[concesionarios.gpat.com.ar/landing46a6.html]
[www.googletagmanager.com/ns5408.html]
[tunuevacuenta.bancopatagonia.com.ar/indexe0b0.html]
[www.bancopatagonia.com.ar/canales-de-atencion/index.html]
[www.bancopatagonia.com.ar/ayuda/index.html]
[www.bancopatagonia.com.ar/nyps/index.html]
[www.bancopatagonia.com.ar/pyme/index.html]
[www.bancopatagonia.com.ar/agro/index.html]
[www.bancopatagonia.com.ar/empresas/index.html]
[www.bancopatagonia.com.ar/sector-publico/index.html]
[www.bancopatagonia.com.ar/institucional/index.html]
[ebankpersonas.bancopatagonia.com.ar/eBanking/usuarios/login.html]
[www.bancopatagonia.com.ar/personas/patagonia-clasica/paquete/productos.html]
[www.bancopatagonia.com.ar/personas/patagonia-clasica/mas/productos.html]
[www.bancopatagonia.com.ar/personas/patagonia-clasica/premium/productos.html]
[www.bancopatagonia.com.ar/personas/patagonia-clasica/patagonia-sueldo/productos.html]
[www.bancopatagonia.com.ar/personas/patagonia-plus/productos.html]
[www.bancopatagonia.com.ar/personas/patagonia-plus/premium/productos.html]
[www.bancopatagonia.com.ar/personas/patagonia-singular/paquete/propuesta.html]
[www.bancopatagonia.com.ar/personas/patagonia-singular/beneficios-exclusivos.html]
[www.bancopatagonia.com.ar/patagoniaon/index.html]
[www.bancopatagonia.com.ar/personas/productos-y-servicios/patagonia-universitaria.html]
[www.bancopatagonia.com.ar/personas/apple-pay.html]
[www.bancopatagonia.com.ar/personas/productos-y-servicios/caja-de-seguridad.html]
[www.bancopatagonia.com.ar/personas/productos-y-servicios/comercio-exterior/productos.html]
[www.bancopatagonia.com.ar/personas/productos-y-servicios/beneficios-wapa.html]
[www.bancopatagonia.com.ar/personas/google-pay.html]
[www.bancopatagonia.com.ar/personas/productos-y-servicios/inversiones.html]
[www.bancopatagonia.com.ar/personas/productos-y-servicios/jubilados.html]
[www.bancopatagonia.com.ar/personas/productos-y-servicios/patagonia-para-menores.html]
[www.bancopatagonia.com.ar/personas/productos-y-servicios/prestamos.html]
[www.bancopatagonia.com.ar/personas/productos-y-servicios/seguros.html]
[www.bancopatagonia.com.ar/personas/productos-y-servicios/tarjetas-de-credito/visa.html]
[www.bancopatagonia.com.ar/personas/productos-y-servicios/tarjetas-de-debito/patagonia-24.html]
[www.bancopatagonia.com.ar/nyps/patagonia-clasica/premium/productos.html]
[www.bancopatagonia.com.ar/nyps/patagonia-clasica/patagonia-emprendimiento/productos.html]
[www.bancopatagonia.com.ar/nyps/patagonia-plus/productos.html]
[www.bancopatagonia.com.ar/nyps/patagonia-plus/premium/productos.html]
[www.bancopatagonia.com.ar/nyps/patagonia-singular/paquete/propuesta.html]
[www.bancopatagonia.com.ar/nyps/patagonia-singular/beneficios-exclusivos.html]
[www.bancopatagonia.com.ar/nyps/productos-y-servicios/tarjetas-de-debito/patagonia-24.html]
[www.bancopatagonia.com.ar/nyps/productos-y-servicios/tarjetas-de-credito/visa.html]
[www.bancopatagonia.com.ar/nyps/productos-y-servicios/prestamos.html]
[www.bancopatagonia.com.ar/nyps/productos-y-servicios/seguros.html]
[www.bancopatagonia.com.ar/nyps/productos-y-servicios/inversiones.html]
[www.bancopatagonia.com.ar/nyps/productos-y-servicios/comercio-exterior/productos.html]
[www.bancopatagonia.com.ar/nyps/productos-y-servicios/caja-de-seguridad.html]
[www.bancopatagonia.com.ar/nyps/productos-y-servicios/factura-electronica.html]
[www.bancopatagonia.com.ar/nyps/productos-y-servicios/pagos-afip.html]
[www.bancopatagonia.com.ar/nyps/productos-y-servicios/soluciones-para-tu-empresa.html]
[www.bancopatagonia.com.ar/nyps/productos-y-servicios/comercios-patagonia.html]
[www.bancopatagonia.com.ar/nyps/productos-y-servicios/wapa.html]
[www.bancopatagonia.com.ar/pyme/cuentas/pequenas-empresas.html]
[www.bancopatagonia.com.ar/pyme/cuentas/medianas-empresas.html]
[www.bancopatagonia.com.ar/pyme/cuentas/patagonia-comercio.html]
[www.bancopatagonia.com.ar/pyme/cuentas/patagonia-consorcio.html]
[www.bancopatagonia.com.ar/pyme/cuentas/cuenta-corriente.html]
[www.bancopatagonia.com.ar/pyme/patagonia-sueldo/servicios.html]
[www.bancopatagonia.com.ar/pyme/patagonia-sueldo/preguntas-frecuentes.html]
[www.bancopatagonia.com.ar/pyme/patagonia-sueldo/guia-implementacion.html]
[www.bancopatagonia.com.ar/pyme/comercio-exterior/solicitud-electronica.html]
[www.bancopatagonia.com.ar/pyme/comercio-exterior/productos.html]
[www.bancopatagonia.com.ar/pyme/comercio-exterior/otros-servicios.html]
[www.bancopatagonia.com.ar/pyme/comercio-exterior/herramientas-para-exportar.html]
[www.bancopatagonia.com.ar/pyme/comercio-exterior/marco-regulatorio/normas-y-regulaciones.html]
[www.bancopatagonia.com.ar/pyme/financiacion/patagonia-leasing.html]
[www.bancopatagonia.com.ar/pyme/financiacion/mercado-capitales.html]
[www.bancopatagonia.com.ar/pyme/financiacion/alternativas-de-financiacion.html]
[www.bancopatagonia.com.ar/pyme/seguros/protege-tus-bienes/integral-comercio.html]
[www.bancopatagonia.com.ar/pyme/inversiones/plazo-fijo.html]
[www.bancopatagonia.com.ar/pyme/inversiones/fondos-comunes-de-inversion.html]
[www.bancopatagonia.com.ar/pyme/inversiones/fidecomisos-financieros.html]
[www.bancopatagonia.com.ar/pyme/servicios/recaudaciones.html]
[www.bancopatagonia.com.ar/pyme/servicios/pagos.html]
[www.bancopatagonia.com.ar/pyme/servicios/tarjetas-comerciales.html]
[www.bancopatagonia.com.ar/pyme/servicios/comercios-patagonia.html]
[www.bancopatagonia.com.ar/pyme/servicios/pago-de-servicios.html]
[www.bancopatagonia.com.ar/pyme/servicios/interbanking.html]
[www.bancopatagonia.com.ar/pyme/servicios/interfacturas.html]
[www.bancopatagonia.com.ar/pyme/servicios/pagos-afip.html]
[www.bancopatagonia.com.ar/pyme/servicios/wapa.html]
[www.bancopatagonia.com.ar/agro/convenios/acuerdos-y-beneficios.html]
[www.bancopatagonia.com.ar/agro/financiacion/maquinaria-agricola.html]
[www.bancopatagonia.com.ar/agro/seguros/campo.html]
[www.bancopatagonia.com.ar/agro/tarjeta-patagonia-agro/para-usuarios.html]
[www.bancopatagonia.com.ar/agro/tarjeta-patagonia-agro/para-comercios.html]
[www.bancopatagonia.com.ar/agro/tarjeta-patagonia-agro/acuerdo-tasa-0.html]
[www.bancopatagonia.com.ar/agro/cuenta-agro/cuenta-agro.html]
[www.bancopatagonia.com.ar/agro/insumos/index.html]
[www.bancopatagonia.com.ar/empresas/financiacion/convenios-de-financiacion.html]
[www.bancopatagonia.com.ar/agro/inversiones/fondos-comunes-de-inversion.html]
[www.bancopatagonia.com.ar/agro/inversiones/fidecomisos-financieros.html]
[www.bancopatagonia.com.ar/agro/inversiones/plazos-fijos.html]
[www.bancopatagonia.com.ar/agro/comercio-exterior/solicitud-electronica.html]
[www.bancopatagonia.com.ar/agro/comercio-exterior/productos.html]
[www.bancopatagonia.com.ar/agro/comercio-exterior/otros-servicios.html]
[www.bancopatagonia.com.ar/agro/comercio-exterior/herramientas-para-exportar.html]
[www.bancopatagonia.com.ar/agro/comercio-exterior/marco-regulatorio/normas-y-regulaciones.html]
[www.bancopatagonia.com.ar/empresas/patagonia-sueldo/servicios.html]
[www.bancopatagonia.com.ar/empresas/patagonia-sueldo/preguntas-frecuentes.html]
[www.bancopatagonia.com.ar/empresas/patagonia-sueldo/guia-implementacion.html]
[www.bancopatagonia.com.ar/empresas/comercio-exterior/solicitud-electronica.html]
[www.bancopatagonia.com.ar/empresas/comercio-exterior/productos.html]
[www.bancopatagonia.com.ar/empresas/comercio-exterior/otros-servicios.html]
[www.bancopatagonia.com.ar/empresas/comercio-exterior/herramientas-para-exportar.html]
[www.bancopatagonia.com.ar/empresas/comercio-exterior/marco-regulatorio/normas-y-regulaciones.html]
[www.bancopatagonia.com.ar/empresas/financiacion/patagonia-leasing.html]
[www.bancopatagonia.com.ar/empresas/financiacion/mercado-capitales.html]
[www.bancopatagonia.com.ar/empresas/financiacion/alternativas-de-financiacion.html]
[www.bancopatagonia.com.ar/empresas/inversiones/fondos-comunes-de-inversion.html]
[www.bancopatagonia.com.ar/empresas/inversiones/compra-venta-titulos-acciones.html]
[www.bancopatagonia.com.ar/empresas/inversiones/custodia-de-titulos.html]
[www.bancopatagonia.com.ar/empresas/inversiones/fidecomisos-financieros.html]
[www.bancopatagonia.com.ar/empresas/inversiones/plazos-fijos.html]
[www.bancopatagonia.com.ar/empresas/patagonia-movil-empresas.html]
[www.bancopatagonia.com.ar/empresas/servicios/pagos.html]
[www.bancopatagonia.com.ar/empresas/servicios/recaudaciones.html]
[www.bancopatagonia.com.ar/empresas/servicios/pago-de-servicios.html]
[www.bancopatagonia.com.ar/empresas/servicios/interbanking.html]
[www.bancopatagonia.com.ar/empresas/servicios/interfacturas.html]
[www.bancopatagonia.com.ar/empresas/servicios/tarjetas-comerciales.html]
[www.bancopatagonia.com.ar/empresas/servicios/centro-atencion-empresas.html]
[www.bancopatagonia.com.ar/sector-publico/inversiones/fondos-comunes-de-inversion.html]
[www.bancopatagonia.com.ar/sector-publico/inversiones/plazo-fijo.html]
[www.bancopatagonia.com.ar/sector-publico/servicios/servicio-de-recaudacion.html]
[www.bancopatagonia.com.ar/sector-publico/servicios/servicio-de-pagos.html]
[www.bancopatagonia.com.ar/sector-publico/servicios/servicios-para-personal.html]
[www.bancopatagonia.com.ar/sector-publico/servicios/financiacion.html]
[www.bancopatagonia.com.ar/sector-publico/servicios/otros-servicios.html]
[www.bancopatagonia.com.ar/sector-publico/programa-universidades/relacion-institucional.html]
[www.bancopatagonia.com.ar/sector-publico/programa-universidades/docentes-yno-docentes.html]
[www.bancopatagonia.com.ar/sector-publico/programa-universidades/alumnos.html]
[www.bancopatagonia.com.ar/sector-publico/programa-universidades/graduados.html]
[www.bancopatagonia.com.ar/institucional/banco-patagonia/historia.html]
[www.bancopatagonia.com.ar/institucional/banco-patagonia/mercado-de-capitales.html]
[www.bancopatagonia.com.ar/institucional/banco-patagonia/patagonia-inversora.html]
[www.bancopatagonia.com.ar/institucional/banco-patagonia/patagonia-valores-sa.html]
[bp.bancopatagonia.com.ar/relacion-con-inversores/es/institucional.html]
[www.bancopatagonia.com.ar/institucional/banco-patagonia/desarrollo-humano.html]
[www.bancopatagonia.com.ar/institucional/banco-patagonia/sustentabilidad.html]
[www.bancopatagonia.com.ar/institucional/banco-patagonia/politicas-aml-cft.html]
[www.bancopatagonia.com.ar/institucional/banco-patagonia/disciplina-del-mercado.html]
[www.bancopatagonia.com.ar/institucional/banco-patagonia/asistencia-a-vinculados.html]
[www.bancopatagonia.com.ar/institucional/banco-patagonia/etica-e-integridad.html]
[www.bancopatagonia.com.ar/institucional/organizacion/accionistas.html]
[www.bancopatagonia.com.ar/institucional/organizacion/autoridades.html]
[www.bancopatagonia.com.ar/institucional/organizacion/comites.html]
[www.bancopatagonia.com.ar/institucional/organizacion/sector-financiero.html]
[www.bancopatagonia.com.ar/personas/prestamos/prestamos-hipotecarios-uva.html]
[www.bancopatagonia.com.ar/landings/raspa-y-gana-tyc.html]
[www.bancopatagonia.com.ar/personas/referidos.html]
[tunuevacuenta.bancopatagonia.com.ar/index18c3.html]
[www.bancopatagonia.com.ar/personas/modo.html]
[www.bancopatagonia.com.ar/personas/nueva-operatoria-sucursales.html]
[www.bancopatagonia.com.ar/ayuda/cuenta-al-toque.html]
[www.bancopatagonia.com.ar/personas/tarjetas/beneficios-clasica-y-plus.html]
[www.clubpatagonia.com.ar/index.html]
[ahorrosybeneficios.bancopatagonia.com.ar/index.html]
[www.bancopatagonia.com.ar/ebank/personas/seguridad/index.html]
[www.bancopatagonia.com.ar/personas/jubilaciones-italianas.html]
[www.bancopatagonia.com.ar/personas/precios-productos-individuales.html]
[www.bancopatagonia.com.ar/personas/cuentas/construccion-argentina.html]
[www.bancopatagonia.com.ar/personas/cuentas/caja-ahorros-repatriacion-fondos.html]
[www.bancopatagonia.com.ar/personas/cuentas/cuenta-gratuita-universal.html]
[www.bancopatagonia.com.ar/personas/agentes-de-cobranza-extrajudicial.html]
[www.bancopatagonia.com.ar/personas/informacion-al-usuario-financiero.html]
[www.bcra.gob.ar/BCRAyVos/Comparacion_de_Comisiones.html]
[www.bcra.gob.ar/BCRAyVos/Usuarios_Financieros.html]
[www.bancopatagonia.com.ar/personas/alta-productos-personas-humanas.html]
[www.bancopatagonia.com.ar/personas/boton-de-arrepentimiento.html]
[bancopatagonia.hiringroom.com/jobs.html]
[play.google.com/store/apps/detailsd77a.html]
[apps.apple.com/ar/app/patagonia-móvil/id1178757002.html]
[www.bancopatagonia.com.ar/registro-nacional-base-datos.html]
[www.bancopatagonia.com.ar/codigo-practicas-bancarias.html]
[www.bancopatagonia.com.ar/defensa-ley-consumidor.html]
[autogestion.produccion.gob.ar/consumidores.html]
[www.bancopatagonia.com.ar/persona-expuesta-politicamente.html]
[www.bancopatagonia.com.ar/agencia-acceso-informacion-publica.html]
[www.bancopatagonia.com.ar/cnv-advertencia-publico-inversor.html]
[www.bancopatagonia.com.ar/codigo-proteccion-inversor.html]
[www.bancopatagonia.com.ar/clausulas-legales.html]
[www.bancopatagonia.com.ar/resolucion-022021.html]
[www.facebook.com/BancoPatagonia/index.html]
[x.com/banco_patagonia.html]
[www.instagram.com/banco_patagonia/index.html]
[www.youtube.com/user/bancopatagonia.html]
[sucursalesycajeros.bancopatagonia.com.ar/sucursales.html]
[www.bancopatagonia.com.ar/empresas/patagonia-ebank-empresas-mbl.html]
[www.googletagmanager.com/gtag/jsb107]
[www.allaccess.com.ar/event/taylor-swift-the-eras-tour.html]
[concesionarios.gpat.com.ar/landing46a6.html]
